<div class="_banner_932a9c" role="alert"><span class="_message_932a9c">Restore previous session? (saved at 10:30 AM)</span><button class="_restoreBtn_932a9c" title="Restore autosaved data" aria-label="Restore autosaved data">Restore</button><button class="_dismissBtn_932a9c" title="Dismiss and start fresh" aria-label="Dismiss autosave recovery">Dismiss</button></div>