<div class="_bar_8048a5"><button class="_navBtn_8048a5" title="Show full org chart">All</button><span class="_crumb_8048a5"><span class="_separator_8048a5">›</span><button class="_navBtn_8048a5" title="Focus on CEO's subtree">CEO</button></span><span class="_crumb_8048a5"><span class="_separator_8048a5">›</span><button class="_navBtn_8048a5" title="Focus on VP's subtree">VP</button></span><span class="_crumb_8048a5"><span class="_separator_8048a5">›</span><span class="_current_8048a5">Director</span></span></div>