<div class="_overlay_5c5bd8"><div class="_popover_5c5bd8"><div class="_titleBar_5c5bd8"><div class="_header_5c5bd8">Manager Alice</div><button class="_closeBtn_5c5bd8" aria-label="Close">×</button></div><div class="_row_5c5bd8"><span class="_label_5c5bd8">Direct Reports</span><span class="_value_5c5bd8">1</span></div><div class="_row_5c5bd8"><span class="_label_5c5bd8">Total Headcount</span><span class="_value_5c5bd8">2</span></div><div class="_section_5c5bd8"><div class="_sectionTitle_5c5bd8">By discipline</div><div class="_row_5c5bd8"><span class="_label_5c5bd8">Engineering</span><span class="_value_5c5bd8">1</span></div><div class="_row_5c5bd8"><span class="_label_5c5bd8">QA</span><span class="_value_5c5bd8">1</span></div></div></div></div>