<div class="_actions_fb5c86"><button class="_btn_fb5c86" title="Focus on subtree" aria-label="Focus on subtree">⊙</button><button class="_btn_fb5c86" title="Add direct report" aria-label="Add direct report">+</button><button class="_btn_fb5c86" title="Edit" aria-label="Edit">✎</button><button class="_btn_fb5c86 _danger_fb5c86" title="Delete" aria-label="Delete">×</button></div>