<div data-person-id="default-id" class="_dropTarget_b94915 "><div class="_dragHandle_b94915 " aria-disabled="false" aria-roledescription="draggable" aria-describedby="" data-dnd-draggable="true"><div class="_wrapper_b94915"><div class="_cardArea_b94915"><div class="_node_b94915 _recruiting_b94915" role="button" tabindex="0" data-selected="false" data-testid="person-Open Req" aria-label="Open Req"><div class="_name_6c621f"><span class="sr-only">Recruiting: </span>🔵 Open Req</div><div class="_role_6c621f">Engineer</div></div></div></div></div></div>