<div class="_wrapper_c73504"><div class="_node_c73504 _transfer_c73504" role="button" tabindex="0" data-selected="false" data-testid="person-Transfer Outgoing" aria-label="Transfer Outgoing"><div class="_name_c73504"><span class="sr-only">Transfer: </span>🟡 Transfer Outgoing</div><div class="_role_c73504">Engineer</div></div></div>