<div data-person-id="default-id" class="_dropTarget_b94915 "><div class="_dragHandle_b94915 " aria-disabled="false" aria-roledescription="draggable" aria-describedby="" data-dnd-draggable="true"><div class="_wrapper_b94915"><div class="_cardArea_b94915"><div class="_node_b94915 _transfer_b94915" role="button" tabindex="0" data-selected="false" data-testid="person-Transfer Outgoing" aria-label="Transfer Outgoing"><div class="_name_c73504"><span class="sr-only">Transfer: </span>🟡 Transfer Outgoing</div><div class="_role_c73504">Engineer</div></div></div></div></div></div>