<div class="_wrapper_c73504"><div class="_cardArea_c73504"><div class="_node_c73504 _ghost_c73504" role="button" tabindex="0" data-selected="false" data-testid="person-Default Person" aria-label="Default Person"><div class="_name_c73504">Default Person</div><div class="_role_c73504">Engineer</div></div></div></div>