<div class="_sidebar_3cc7fe"><div class="_header_3cc7fe"><h3>Pod Details</h3><button class="_closeBtn_3cc7fe" aria-label="Close">×</button></div><div class="_form_3cc7fe"><div class="_field_3cc7fe"><label>Name</label><input value="Alpha"></div><div class="_field_3cc7fe"><label>Team</label><input disabled="" value="Platform"></div><div class="_field_3cc7fe"><label>Members</label><div>2</div></div><div class="_field_3cc7fe"><label>Public Note</label><textarea rows="3" placeholder="Visible on the org chart">Public info</textarea></div><div class="_field_3cc7fe"><label>Private Note</label><textarea rows="3" placeholder="Only visible in this panel">Private info</textarea></div><div class="_actions_3cc7fe"><button class="_saveBtn_3cc7fe" disabled="">Save</button></div></div></div>