<div class="_drawer_78827b" role="complementary" aria-label="Recycle bin" data-testid="recycle-bin-drawer"><div class="_header_78827b"><h3>Recycle Bin (2)</h3><button class="_closeBtn_78827b" aria-label="Close recycle bin">×</button></div><div class="_list_78827b"><div class="_card_78827b"><div><div class="_name_78827b">Bob Jones</div><div class="_meta_78827b">Designer — UX</div></div><button class="_restoreBtn_78827b">Restore</button></div><div class="_card_78827b"><div><div class="_name_78827b">Carol Ng</div><div class="_meta_78827b">PM — Product</div></div><button class="_restoreBtn_78827b">Restore</button></div></div><div class="_footer_78827b"><button class="_emptyBtn_78827b">Empty Bin</button></div></div>