<div class="_drawer_78827b" role="complementary" aria-label="Recycle bin" data-testid="recycle-bin-drawer"><div class="_header_78827b"><h3>Recycle Bin (0)</h3><button class="_closeBtn_78827b" aria-label="Close recycle bin">×</button></div><div class="_list_78827b"><p class="_empty_78827b">Bin is empty</p></div></div>