<div class="_overlay_4ba73b"><div class="_modal_4ba73b"><h3 class="_title_4ba73b">Settings</h3><h4 class="_sectionTitle_4ba73b">Discipline Order</h4><p class="_hint_4ba73b">Drag to reorder. People are sorted by this order within each pod.</p><ul class="_list_4ba73b"></ul><p class="_hint_4ba73b">No disciplines found in current data.</p><h4 class="_sectionTitle_4ba73b">Keyboard</h4><label class="_toggle_4ba73b"><input type="checkbox"><span>Vim navigation keys</span><span class="_hint_4ba73b"> — hjkl to navigate, o to add, x to delete</span></label><div class="_actions_4ba73b"><button class="_cancelBtn_4ba73b">Cancel</button><button class="_saveBtn_4ba73b">Save</button></div></div></div>