<header class="_toolbar_08d960"><img alt="" src="/grove-icon.svg"><span class="_title_08d960">Grove</span><input accept=".csv,.xlsx,.zip" type="file"><button class="_uploadBtn_08d960" aria-label="Upload file" data-tour="upload">Upload</button><div class="_hamburgerWrapper_08d960"><button class="_hamburgerBtn_08d960" aria-label="Menu" aria-expanded="false">☰</button></div></header>