<div class="_container_cc9eb2"><img alt="Grove" class="_icon_cc9eb2" src="/grove-icon.svg"><p class="_titleLine_cc9eb2">grove<span class="_pronunciation_cc9eb2">/ɡroʊv/</span><span class="_partOfSpeech_cc9eb2">n.</span></p><p class="_definition_cc9eb2">a small group of trees, deliberately planted and carefully tended.</p><div class="_divider_cc9eb2"></div><p class="_tagline_cc9eb2">Org planning for people who think in structures, not spreadsheets.</p><input accept=".csv,.xlsx,.zip" type="file"><button class="_uploadBtn_cc9eb2" data-tour="upload-prompt">Choose File</button><button class="_scratchBtn_cc9eb2">or start from scratch</button></div>